// Vitest Snapshot v1, https://vitest.dev/guide/snapshot.html

exports[`Test CardList component > Ensure that the card component renders the relevant card data; 1`] = `
<a
  data-testid="test1"
  href="/details/1"
>
  <div
    class="sc-iCoHzw FnKDP"
  >
    <h3>
      Test title #1
    </h3>
    <div
      class="sc-fujznN epBsNf"
      style="background-image: url(url:page1);"
    />
  </div>
</a>
`;

exports[`Test CardList component > Validate that clicking on a card opens a detailed card component 1`] = `
<div
  class="sc-dlniIP fnahtJ"
  data-testid="cardDetails1"
>
  <div
    class="sc-pNWRh joCXoT"
  >
    <div
      class="sc-kEqXeH jDIRYD"
      style="background-image: url(url:page1);"
    />
    <div
      class="sc-jrsKJM cDpoem"
    >
      <h3>
        Title: 
        Test title #1
      </h3>
      <h3>
        Title in Japanese #1
      </h3>
      <p>
        Rating:
        1
      </p>
      <p>
        Status:
        1
      </p>
      <p>
        Score: 
        1
      </p>
      <button
        class="sc-jSFipO eTGvZn"
        type="button"
      >
        Close
         
      </button>
    </div>
  </div>
</div>
`;
